// Jest Snapshot v1, https://goo.gl/fbAQLP

exports[`Button match snapshot 1`] = `
<button
  disabled={true}
  type="button"
>
  HELLO WORLD BUTTON 
</button>
`;
